{
  "Name": "TechCorp Inc.",
  "Established": "1990-05-15T00:00:00Z",
  "Departments": [
    {
      "ID": 1,
      "Name": "Engineering",
      "Budget": 5000000,
      "Manager": {
        "ID": 101,
        "FirstName": "Alice",
        "LastName": "Johnson",
        "Position": "CTO",
        "Salary": 250000,
        "Skills": [
          "Leadership",
          "Go",
          "Architecture"
        ],
        "Contact": {
          "Email": "alice.j@techcorp.com",
          "Phone": "555-1001",
          "Address": {
            "Street": "123 Tech Blvd",
            "City": "San Francisco",
            "State": "CA",
            "ZipCode": "94105",
            "Country": "USA"
          }
        },
        "IsActive": true
      },
      "Employees": [
        {
          "ID": 102,
          "FirstName": "Bob",
          "LastName": "Smith",
          "Position": "Senior Engineer",
          "Salary": 150000,
          "Skills": [
            "Go",
            "Docker",
            "Kubernetes"
          ],
          "Contact": {
            "Email": "bob.s@techcorp.com",
            "Phone": "555-1002",
            "Address": {
              "Street": "456 Code Lane",
              "City": "Oakland",
              "State": "CA",
              "ZipCode": "94612",
              "Country": "USA"
            }
          },
          "IsActive": true
        }
      ],
      "Projects": [
        {
          "ID": 1001,
          "Name": "NextGen Platform",
          "Budget": 2000000,
          "Technologies": [
            "Go",
            "gRPC",
            "PostgreSQL"
          ],
          "StartDate": "2023-01-10T00:00:00Z",
          "EndDate": "2024-06-30T00:00:00Z",
          "IsCompleted": false,
          "Team": [
            101,
            102
          ]
        }
      ]
    },
    {
      "ID": 2,
      "Name": "Marketing2",
      "Budget": 2000000,
      "Manager": {
        "ID": 201,
        "FirstName": "Carol",
        "LastName": "Williams",
        "Position": "CMO",
        "Salary": 220000,
        "Skills": [
          "SEO",
          "Analytics",
          "Branding"
        ],
        "Contact": {
          "Email": "carol.w@techcorp.com",
          "Phone": "555-2001",
          "Address": {
            "Street": "789 Market St",
            "City": "New York",
            "State": "NY",
            "ZipCode": "10001",
            "Country": "USA"
          }
        },
        "IsActive": true
      },
      "Employees": null,
      "Projects": null
    }
  ],
  "Revenue": 125000000.75,
  "IsPublic": true
}